  Building NVCC (Device) object CMakeFiles/ndarray_backend_cuda.dir/src/Debug/ndarray_backend_cuda_generated_ndarray_backend_cuda.cu.obj
  ndarray_backend_cuda.cu
  cl: 鍛戒护琛?warning D9025 :姝ｅ湪閲嶅啓鈥?O2鈥?鐢ㄢ€?Od鈥?
  cl: 鍛戒护琛?warning D9002 :蹇界暐鏈煡閫夐」鈥?std:c++11鈥?
  cl: 鍛戒护琛?warning D9002 :蹇界暐鏈煡閫夐」鈥?march=native鈥?
  ndarray_backend_cuda.cu
  cl: 鍛戒护琛?warning D9025 :姝ｅ湪閲嶅啓鈥?O2鈥?鐢ㄢ€?Od鈥?
  cl: 鍛戒护琛?warning D9002 :蹇界暐鏈煡閫夐」鈥?std:c++11鈥?
  cl: 鍛戒护琛?warning D9002 :蹇界暐鏈煡閫夐」鈥?march=native鈥?
  ndarray_backend_cuda.cu
  cl: 鍛戒护琛?warning D9025 :姝ｅ湪閲嶅啓鈥?O2鈥?鐢ㄢ€?Od鈥?
  cl: 鍛戒护琛?warning D9002 :蹇界暐鏈煡閫夐」鈥?std:c++11鈥?
  cl: 鍛戒护琛?warning D9002 :蹇界暐鏈煡閫夐」鈥?march=native鈥?
  ndarray_backend_cuda.cu
  cl: 鍛戒护琛?warning D9025 :姝ｅ湪閲嶅啓鈥?O2鈥?鐢ㄢ€?Od鈥?
  cl: 鍛戒护琛?warning D9002 :蹇界暐鏈煡閫夐」鈥?std:c++11鈥?
  cl: 鍛戒护琛?warning D9002 :蹇界暐鏈煡閫夐」鈥?march=native鈥?
  ndarray_backend_cuda.cu
C:\Suzukaze\dy\notes\dlsys\dlsys-hw\hw3-main\src\ndarray_backend_cuda.cu(98): warning #177-D: variable "gid" was declared but never referenced
      size_t gid = blockIdx.x * blockDim.x + threadIdx.x;
             ^
  
  Remark: The warnings can be suppressed with "-diag-suppress <warning-number>"
  
  ndarray_backend_cuda.cu
  cl: 鍛戒护琛?warning D9025 :姝ｅ湪閲嶅啓鈥?O2鈥?鐢ㄢ€?Od鈥?
  cl: 鍛戒护琛?warning D9002 :蹇界暐鏈煡閫夐」鈥?std:c++11鈥?
  cl: 鍛戒护琛?warning D9002 :蹇界暐鏈煡閫夐」鈥?march=native鈥?
  tmpxft_00012924_00000000-10_ndarray_backend_cuda.cudafe1.cpp
C:\Suzukaze\dy\notes\dlsys\dlsys-hw\hw3-main\src\ndarray_backend_cuda.cu(42): warning C4267: 鈥滃弬鏁扳€? 浠庘€渟ize_t鈥濊浆鎹㈠埌鈥渦nsigned int鈥濓紝鍙兘涓㈠け鏁版嵁
C:\Suzukaze\dy\notes\dlsys\dlsys-hw\hw3-main\src\ndarray_backend_cuda.cu(55): warning C4267: 鈥?鈥? 浠庘€渟ize_t鈥濊浆鎹㈠埌鈥渦int32_t鈥濓紝鍙兘涓㈠け鏁版嵁
  Building Custom Rule C:/Suzukaze/dy/notes/dlsys/dlsys-hw/hw3-main/CMakeLists.txt
  CMake is re-running because C:/Suzukaze/dy/notes/dlsys/dlsys-hw/hw3-main/build/CMakeFiles/generate.stamp is out-of-date.
    the file 'C:/Suzukaze/dy/notes/dlsys/dlsys-hw/hw3-main/build/CMakeFiles/ndarray_backend_cuda.dir/src/ndarray_backend_cuda_generated_ndarray_backend_cuda.cu.obj.depend'
    is newer than 'C:/Suzukaze/dy/notes/dlsys/dlsys-hw/hw3-main/build/CMakeFiles/generate.stamp.depend'
    result='-1'
  -- Selecting Windows SDK version 10.0.22000.0 to target Windows 10.0.22631.
  -- Found pybind11: C:/Users/YJY/.conda/envs/whisperx/Lib/site-packages/pybind11/include (found version "2.13.6")
  -- Found cuda, building cuda backend
  Tue Feb 25 17:07:20 2025       
  +-----------------------------------------------------------------------------------------+
  | NVIDIA-SMI 560.94                 Driver Version: 560.94         CUDA Version: 12.6     |
  |-----------------------------------------+------------------------+----------------------+
  | GPU  Name                  Driver-Model | Bus-Id          Disp.A | Volatile Uncorr. ECC |
  | Fan  Temp   Perf          Pwr:Usage/Cap |           Memory-Usage | GPU-Util  Compute M. |
  |                                         |                        |               MIG M. |
  |=========================================+========================+======================|
  |   0  NVIDIA GeForce RTX 3060      WDDM  |   00000000:01:00.0  On |                  N/A |
  |  0%   53C    P5             23W /  170W |    2389MiB /  12288MiB |     38%      Default |
  |                                         |                        |                  N/A |
  +-----------------------------------------+------------------------+----------------------+
                                                                                           
  +-----------------------------------------------------------------------------------------+
  | Processes:                                                                              |
  |  GPU   GI   CI        PID   Type   Process name                              GPU Memory |
  |        ID   ID                                                               Usage      |
  |=========================================================================================|
  |    0   N/A  N/A      7756    C+G   ...CBS_cw5n1h2txyewy\TextInputHost.exe      N/A      |
  |    0   N/A  N/A      8644    C+G   C:\Windows\explorer.exe                     N/A      |
  |    0   N/A  N/A      9268    C+G   ...nt.CBS_cw5n1h2txyewy\SearchHost.exe      N/A      |
  |    0   N/A  N/A     11552    C+G   C:\Program Files\ToDesk\ToDesk.exe          N/A      |
  |    0   N/A  N/A     14956    C+G   ...\cef\cef.win7x64\steamwebhelper.exe      N/A      |
  |    0   N/A  N/A     16208    C+G   ...ejd91yc\AdobeNotificationClient.exe      N/A      |
  |    0   N/A  N/A     16652    C+G   ...5n1h2txyewy\ShellExperienceHost.exe      N/A      |
  |    0   N/A  N/A     19368    C+G   ...pp_cw5n1h2txyewy\CHXSmartScreen.exe      N/A      |
  |    0   N/A  N/A     19856    C+G   ...\PyCharm 2024.1.3\bin\pycharm64.exe      N/A      |
  |    0   N/A  N/A     23192    C+G   ...ram Files (x86)\Tencent\QQNT\QQ.exe      N/A      |
  |    0   N/A  N/A     27456    C+G   ...les\Microsoft OneDrive\OneDrive.exe      N/A      |
  |    0   N/A  N/A     39744    C+G   ...on\HEX\Creative Cloud UI Helper.exe      N/A      |
  |    0   N/A  N/A     43584    C+G   ....0_x64__8wekyb3d8bbwe\HxOutlook.exe      N/A      |
  |    0   N/A  N/A     44992    C+G   ...n\132.0.2957.140\msedgewebview2.exe      N/A      |
  |    0   N/A  N/A     48056    C+G   ...__8wekyb3d8bbwe\WindowsTerminal.exe      N/A      |
  |    0   N/A  N/A     50004    C+G   ...on\133.0.3065.69\msedgewebview2.exe      N/A      |
  |    0   N/A  N/A     50996    C+G   C:\Program Files\Parsec\parsecd.exe         N/A      |
  |    0   N/A  N/A     67052    C+G   C:\Windows\explorer.exe                     N/A      |
  |    0   N/A  N/A     69364    C+G   ...22\Community\Common7\IDE\devenv.exe      N/A      |
  |    0   N/A  N/A     72808    C+G   C:\Windows\explorer.exe                     N/A      |
  |    0   N/A  N/A     73508    C+G   ...U\ServiceHub.ThreadedWaitDialog.exe      N/A      |
  |    0   N/A  N/A     74076    C+G   ...Vbox\Hypervisor\MuMuVMMHeadless.exe      N/A      |
  |    0   N/A  N/A     74976    C+G   ...uMuPlayer-12.0\shell\MuMuPlayer.exe      N/A      |
  |    0   N/A  N/A     76920    C+G   ...Programs\Microsoft VS Code\Code.exe      N/A      |
  +-----------------------------------------------------------------------------------------+
  -- Autodetected CUDA architecture(s):  8.6
  -- Configuring done (0.2s)
  -- Generating done (0.0s)
  -- Build files have been written to: C:/Suzukaze/dy/notes/dlsys/dlsys-hw/hw3-main/build
LINK : fatal error LNK1104: 无法打开文件“python312.lib”
